{
  "version": "1.5.0",
  "plugins_used": [
    {
      "name": "ArtifactoryDetector"
    },
    {
      "name": "AWSKeyDetector"
    },
    {
      "name": "AzureStorageKeyDetector"
    },
    {
      "name": "Base64HighEntropyString",
      "limit": 4.5
    },
    {
      "name": "BasicAuthDetector"
    },
    {
      "name": "CloudantDetector"
    },
    {
      "name": "DiscordBotTokenDetector"
    },
    {
      "name": "GitHubTokenDetector"
    },
    {
      "name": "GitLabTokenDetector"
    },
    {
      "name": "HexHighEntropyString",
      "limit": 3.0
    },
    {
      "name": "IbmCloudIamDetector"
    },
    {
      "name": "IbmCosHmacDetector"
    },
    {
      "name": "IPPublicDetector"
    },
    {
      "name": "JwtTokenDetector"
    },
    {
      "name": "KeywordDetector",
      "keyword_exclude": ""
    },
    {
      "name": "MailchimpDetector"
    },
    {
      "name": "NpmDetector"
    },
    {
      "name": "OpenAIDetector"
    },
    {
      "name": "PrivateKeyDetector"
    },
    {
      "name": "PypiTokenDetector"
    },
    {
      "name": "SendGridDetector"
    },
    {
      "name": "SlackDetector"
    },
    {
      "name": "SoftlayerDetector"
    },
    {
      "name": "SquareOAuthDetector"
    },
    {
      "name": "StripeDetector"
    },
    {
      "name": "TelegramBotTokenDetector"
    },
    {
      "name": "TwilioKeyDetector"
    }
  ],
  "filters_used": [
    {
      "path": "detect_secrets.filters.allowlist.is_line_allowlisted"
    },
    {
      "path": "detect_secrets.filters.common.is_baseline_file",
      "filename": ".secrets.baseline"
    },
    {
      "path": "detect_secrets.filters.common.is_ignored_due_to_verification_policies",
      "min_level": 2
    },
    {
      "path": "detect_secrets.filters.heuristic.is_indirect_reference"
    },
    {
      "path": "detect_secrets.filters.heuristic.is_likely_id_string"
    },
    {
      "path": "detect_secrets.filters.heuristic.is_lock_file"
    },
    {
      "path": "detect_secrets.filters.heuristic.is_not_alphanumeric_string"
    },
    {
      "path": "detect_secrets.filters.heuristic.is_potential_uuid"
    },
    {
      "path": "detect_secrets.filters.heuristic.is_prefixed_with_dollar_sign"
    },
    {
      "path": "detect_secrets.filters.heuristic.is_sequential_string"
    },
    {
      "path": "detect_secrets.filters.heuristic.is_swagger_file"
    },
    {
      "path": "detect_secrets.filters.heuristic.is_templated_secret"
    },
    {
      "path": "detect_secrets.filters.regex.should_exclude_file",
      "pattern": [
        "talos/secrets\\.yaml",
        "\\.sealed-secrets-pub\\.pem"
      ]
    }
  ],
  "results": {
    "apps/homepage-wordpress/helmrelease.yaml": [
      {
        "type": "Secret Keyword",
        "filename": "apps/homepage-wordpress/helmrelease.yaml",
        "hashed_secret": "388f3aaf578da9583c4bea55e4722a1c5d09c5c4",
        "is_verified": false,
        "line_number": 41
      }
    ],
    "apps/homepage-wordpress/mysql-sealed-secret.yaml": [
      {
        "type": "Base64 High Entropy String",
        "filename": "apps/homepage-wordpress/mysql-sealed-secret.yaml",
        "hashed_secret": "3568734d1f55153b79e19b6eff9d61bef501f814",
        "is_verified": false,
        "line_number": 9
      },
      {
        "type": "Secret Keyword",
        "filename": "apps/homepage-wordpress/mysql-sealed-secret.yaml",
        "hashed_secret": "3568734d1f55153b79e19b6eff9d61bef501f814",
        "is_verified": false,
        "line_number": 9
      },
      {
        "type": "Base64 High Entropy String",
        "filename": "apps/homepage-wordpress/mysql-sealed-secret.yaml",
        "hashed_secret": "c7f9bf986e3076253ddfcfcb9d9b3e4fe86ab981",
        "is_verified": false,
        "line_number": 10
      },
      {
        "type": "Secret Keyword",
        "filename": "apps/homepage-wordpress/mysql-sealed-secret.yaml",
        "hashed_secret": "c7f9bf986e3076253ddfcfcb9d9b3e4fe86ab981",
        "is_verified": false,
        "line_number": 10
      }
    ],
    "apps/homepage-wordpress/wordpress-config-sealed-secret.yaml": [
      {
        "type": "Base64 High Entropy String",
        "filename": "apps/homepage-wordpress/wordpress-config-sealed-secret.yaml",
        "hashed_secret": "e7efff87f3387ff9415b3b62e98045b1fd83bc6e",
        "is_verified": false,
        "line_number": 9
      }
    ],
    "apps/netbox/helmrelease.yaml": [
      {
        "type": "Secret Keyword",
        "filename": "apps/netbox/helmrelease.yaml",
        "hashed_secret": "df6741fd80209ec248c384dc2a0a87586006c294",
        "is_verified": false,
        "line_number": 30
      },
      {
        "type": "Secret Keyword",
        "filename": "apps/netbox/helmrelease.yaml",
        "hashed_secret": "5baa61e4c9b93f3f0682250b6cf8331b7ee68fd8",
        "is_verified": false,
        "line_number": 31
      },
      {
        "type": "Secret Keyword",
        "filename": "apps/netbox/helmrelease.yaml",
        "hashed_secret": "d4201f4aaf87fd3238187ec1adf74b6709451152",
        "is_verified": false,
        "line_number": 51
      }
    ],
    "apps/vaultwarden/admin-sealed-secret.yaml": [
      {
        "type": "Base64 High Entropy String",
        "filename": "apps/vaultwarden/admin-sealed-secret.yaml",
        "hashed_secret": "2275cd9f87b58a2eddf0c9b65484d860854c571d",
        "is_verified": false,
        "line_number": 9
      }
    ],
    "apps/vaultwarden/ingress.yaml": [
      {
        "type": "Secret Keyword",
        "filename": "apps/vaultwarden/ingress.yaml",
        "hashed_secret": "e26ffc62e90a334f716003985b02a5f5851c1be5",
        "is_verified": false,
        "line_number": 13
      }
    ],
    "apps/vikunja/vikunja-ingress.yaml": [
      {
        "type": "Secret Keyword",
        "filename": "apps/vikunja/vikunja-ingress.yaml",
        "hashed_secret": "00a3070938d13164979ce466ca4681f085217b89",
        "is_verified": false,
        "line_number": 13
      }
    ],
    "apps/wikijs/wikijs-ingress.yaml": [
      {
        "type": "Secret Keyword",
        "filename": "apps/wikijs/wikijs-ingress.yaml",
        "hashed_secret": "40bffcec49ff49344c2b784e0e2fdbb752de2020",
        "is_verified": false,
        "line_number": 13
      }
    ],
    "infrastructure/certificates/cert-manager-issuers/self-signed-cluster-setup.yaml": [
      {
        "type": "Secret Keyword",
        "filename": "infrastructure/certificates/cert-manager-issuers/self-signed-cluster-setup.yaml",
        "hashed_secret": "c832fc0f8bb303b2bab6d3b07440e1d31cb605af",
        "is_verified": false,
        "line_number": 16
      }
    ],
    "infrastructure/controllers/flux-notifications/sealed-secret.yaml": [
      {
        "type": "Base64 High Entropy String",
        "filename": "infrastructure/controllers/flux-notifications/sealed-secret.yaml",
        "hashed_secret": "334edfbceecacf8260343a65be1a5fa8232f89f9",
        "is_verified": false,
        "line_number": 9
      }
    ],
    "infrastructure/networking/cilium/hubble-basicauth-middleware.yaml": [
      {
        "type": "Secret Keyword",
        "filename": "infrastructure/networking/cilium/hubble-basicauth-middleware.yaml",
        "hashed_secret": "e1909a977bbf3c1f18d8f153f20fe8d07a8c6233",
        "is_verified": false,
        "line_number": 8
      }
    ],
    "infrastructure/networking/cilium/hubble-ingress.yaml": [
      {
        "type": "Secret Keyword",
        "filename": "infrastructure/networking/cilium/hubble-ingress.yaml",
        "hashed_secret": "2276708ba652f62c09763ed7021d31bc6ee6af8d",
        "is_verified": false,
        "line_number": 14
      }
    ],
    "infrastructure/networking/cilium/hubble-ui-sealed-secret.yaml": [
      {
        "type": "Base64 High Entropy String",
        "filename": "infrastructure/networking/cilium/hubble-ui-sealed-secret.yaml",
        "hashed_secret": "1989b3d61fb2749acdeb041b0691089356d8a85c",
        "is_verified": false,
        "line_number": 9
      }
    ],
    "infrastructure/networking/traefik-config/dashboard-sealed-secret.yaml": [
      {
        "type": "Base64 High Entropy String",
        "filename": "infrastructure/networking/traefik-config/dashboard-sealed-secret.yaml",
        "hashed_secret": "1303dbe6955dab7ab90309e120d5e19b641eb262",
        "is_verified": false,
        "line_number": 9
      }
    ],
    "infrastructure/networking/traefik-config/traefik-basicauth-middleware.yaml": [
      {
        "type": "Secret Keyword",
        "filename": "infrastructure/networking/traefik-config/traefik-basicauth-middleware.yaml",
        "hashed_secret": "1454834a4b16aff8143a4e38ec99ff8f9ad6beff",
        "is_verified": false,
        "line_number": 8
      }
    ],
    "infrastructure/networking/traefik-config/traefik-ingress.yaml": [
      {
        "type": "Secret Keyword",
        "filename": "infrastructure/networking/traefik-config/traefik-ingress.yaml",
        "hashed_secret": "ffb0155fe1c670919b76d91936c9aeb58049cf93",
        "is_verified": false,
        "line_number": 14
      }
    ],
    "monitoring/kube-prometheus-stack/alertmanager-discord-sealed-secret.yaml": [
      {
        "type": "Base64 High Entropy String",
        "filename": "monitoring/kube-prometheus-stack/alertmanager-discord-sealed-secret.yaml",
        "hashed_secret": "e8a76a94f018f526d71ad59b4cc4a1209a937014",
        "is_verified": false,
        "line_number": 9
      }
    ],
    "monitoring/kube-prometheus-stack/grafana-sealed-secret.yaml": [
      {
        "type": "Base64 High Entropy String",
        "filename": "monitoring/kube-prometheus-stack/grafana-sealed-secret.yaml",
        "hashed_secret": "bab423710800bb12a3faad569efe2649f12e6c93",
        "is_verified": false,
        "line_number": 9
      },
      {
        "type": "Secret Keyword",
        "filename": "monitoring/kube-prometheus-stack/grafana-sealed-secret.yaml",
        "hashed_secret": "bab423710800bb12a3faad569efe2649f12e6c93",
        "is_verified": false,
        "line_number": 9
      },
      {
        "type": "Base64 High Entropy String",
        "filename": "monitoring/kube-prometheus-stack/grafana-sealed-secret.yaml",
        "hashed_secret": "f3175017fa28bb42b1e55882aed2d6652c9faebb",
        "is_verified": false,
        "line_number": 10
      }
    ],
    "monitoring/kube-prometheus-stack/helmrelease.yaml": [
      {
        "type": "Secret Keyword",
        "filename": "monitoring/kube-prometheus-stack/helmrelease.yaml",
        "hashed_secret": "f731650646311c689924ffd0726e8544b1e18d20",
        "is_verified": false,
        "line_number": 79,
        "is_secret": false
      },
      {
        "type": "Secret Keyword",
        "filename": "monitoring/kube-prometheus-stack/helmrelease.yaml",
        "hashed_secret": "fc4b79ff2005c1bfacead828184f0c8aad8fd860",
        "is_verified": false,
        "line_number": 81,
        "is_secret": false
      },
      {
        "type": "Secret Keyword",
        "filename": "monitoring/kube-prometheus-stack/helmrelease.yaml",
        "hashed_secret": "d9af0710c22379134122d571aa8e9ddda8ecc632",
        "is_verified": false,
        "line_number": 92,
        "is_secret": false
      }
    ]
  },
  "generated_at": "2026-06-18T15:34:35Z"
}
